0 verbose cli /home/ppablolc/.hermes/node/bin/node /home/ppablolc/.hermes/node/lib/node_modules/npm/bin/npm-cli.js
1 info using npm@10.9.8
2 info using node@v22.22.3
3 silly config load:file:/home/ppablolc/.hermes/node/lib/node_modules/npm/npmrc
4 silly config load:file:/home/ppablolc/Proyectos/teo-wiki/.npmrc
5 silly config load:file:/home/ppablolc/.npmrc
6 silly config load:file:/home/ppablolc/.hermes/node/etc/npmrc
7 verbose title npm exec quartz sync
8 verbose argv "exec" "--" "quartz" "sync"
9 verbose logfile logs-max:10 dir:/home/ppablolc/Proyectos/teo-wiki/.npm_cache/_logs/2026-06-13T20_47_56_118Z-
10 verbose logfile /home/ppablolc/Proyectos/teo-wiki/.npm_cache/_logs/2026-06-13T20_47_56_118Z-debug-0.log
11 silly logfile done cleaning log files
12 http fetch GET https://registry.npmjs.org/npm attempt 1 failed with ENOTFOUND
13 silly packumentCache heap:4345298944 maxSize:1086324736 maxEntrySize:543162368
14 silly packumentCache heap:4345298944 maxSize:1086324736 maxEntrySize:543162368
15 silly idealTree buildDeps
16 silly placeDep ROOT @jackyzha0/quartz@5.0.0 OK for:  want: file:../../..
17 silly reify moves {}
18 silly audit bulk request { '@jackyzha0/quartz': [ '5.0.0' ] }
19 silly audit bulk request failed undefined
20 verbose audit error FetchError: request to https://registry.npmjs.org/-/npm/v1/security/audits/quick failed, reason: getaddrinfo ENOTFOUND registry.npmjs.org
20 verbose audit error     at ClientRequest.<anonymous> (/home/ppablolc/.hermes/node/lib/node_modules/npm/node_modules/minipass-fetch/lib/index.js:130:14)
20 verbose audit error     at ClientRequest.emit (node:events:519:28)
20 verbose audit error     at emitErrorEvent (node:_http_client:108:11)
20 verbose audit error     at _destroy (node:_http_client:967:9)
20 verbose audit error     at onSocketNT (node:_http_client:987:5)
20 verbose audit error     at process.processTicksAndRejections (node:internal/process/task_queues:90:21) {
20 verbose audit error   code: 'ENOTFOUND',
20 verbose audit error   errno: 'ENOTFOUND',
20 verbose audit error   syscall: 'getaddrinfo',
20 verbose audit error   hostname: 'registry.npmjs.org',
20 verbose audit error   type: 'system'
20 verbose audit error }
21 silly audit error undefined
22 silly audit report null
23 verbose cwd /home/ppablolc/Proyectos/teo-wiki
24 verbose os Linux 7.0.11-76070011-generic
25 verbose node v22.22.3
26 verbose npm  v10.9.8
27 verbose exit 0
28 info ok
